============================= test session starts =============================
platform win32 -- Python 3.11.9, pytest-9.0.2, pluggy-1.6.0 -- C:\Users\avadu\OneDrive\Desktop\Quantum_Ares\backend\venv\Scripts\python.exe
cachedir: .pytest_cache
rootdir: C:\Users\avadu\OneDrive\Desktop\Quantum_Ares\backend
plugins: anyio-4.12.1
collecting ... collected 11 items

tests/test_db.py::test_init_schema FAILED                                [  9%]
tests/test_db.py::test_create_and_get_scan FAILED                        [ 18%]
tests/test_db.py::test_cross_org_isolation FAILED                        [ 27%]
tests/test_db.py::test_update_scan_result_atomic FAILED                  [ 36%]
tests/test_api.py::test_health_returns_ok ERROR                          [ 45%]
tests/test_api.py::test_login_valid_credentials ERROR                    [ 54%]
tests/test_api.py::test_login_wrong_password_returns_401 ERROR           [ 63%]
tests/test_api.py::test_login_nonexistent_user_returns_401 ERROR         [ 72%]
tests/test_api.py::test_protected_route_without_token_returns_422 ERROR  [ 81%]
tests/test_api.py::test_protected_route_with_invalid_token_returns_401 ERROR [ 90%]
tests/test_api.py::test_upload_and_poll_full_cycle ERROR                 [100%]

=================================== ERRORS ====================================
__________________ ERROR at setup of test_health_returns_ok ___________________

    @pytest.fixture(scope='module')
    def client():
        """TestClient with seeded org + user."""
        from app.main import app
        from app.db.database import get_db
    
>       with TestClient(app) as c:

tests\test_api.py:27: 
_ _ _ _ _ _ _ _ _ _ _ _ _ _ _ _ _ _ _ _ _ _ _ _ _ _ _ _ _ _ _ _ _ _ _ _ _ _ _ _
venv\Lib\site-packages\starlette\testclient.py:688: in __enter__
    portal.call(self.wait_startup)
venv\Lib\site-packages\anyio\from_thread.py:334: in call
    return cast(T_Retval, self.start_task_soon(func, *args).result())
                          ^^^^^^^^^^^^^^^^^^^^^^^^^^^^^^^^^^^^^^^^^^
..\..\..\..\AppData\Local\Programs\Python\Python311\Lib\concurrent\futures\_base.py:456: in result
    return self.__get_result()
           ^^^^^^^^^^^^^^^^^^^
..\..\..\..\AppData\Local\Programs\Python\Python311\Lib\concurrent\futures\_base.py:401: in __get_result
    raise self._exception
venv\Lib\site-packages\anyio\from_thread.py:259: in _call_func
    retval = await retval_or_awaitable
             ^^^^^^^^^^^^^^^^^^^^^^^^^
venv\Lib\site-packages\starlette\testclient.py:723: in wait_startup
    await receive()
venv\Lib\site-packages\starlette\testclient.py:714: in receive
    self.task.result()
..\..\..\..\AppData\Local\Programs\Python\Python311\Lib\concurrent\futures\_base.py:449: in result
    return self.__get_result()
           ^^^^^^^^^^^^^^^^^^^
..\..\..\..\AppData\Local\Programs\Python\Python311\Lib\concurrent\futures\_base.py:401: in __get_result
    raise self._exception
venv\Lib\site-packages\anyio\from_thread.py:259: in _call_func
    retval = await retval_or_awaitable
             ^^^^^^^^^^^^^^^^^^^^^^^^^
venv\Lib\site-packages\starlette\testclient.py:704: in lifespan
    await self.app(scope, self.stream_receive.receive, self.stream_send.send)
venv\Lib\site-packages\fastapi\applications.py:1160: in __call__
    await super().__call__(scope, receive, send)
venv\Lib\site-packages\starlette\applications.py:107: in __call__
    await self.middleware_stack(scope, receive, send)
venv\Lib\site-packages\starlette\middleware\errors.py:151: in __call__
    await self.app(scope, receive, send)
venv\Lib\site-packages\starlette\middleware\cors.py:79: in __call__
    await self.app(scope, receive, send)
venv\Lib\site-packages\starlette\middleware\exceptions.py:49: in __call__
    await self.app(scope, receive, send)
venv\Lib\site-packages\fastapi\middleware\asyncexitstack.py:18: in __call__
    await self.app(scope, receive, send)
venv\Lib\site-packages\starlette\routing.py:716: in __call__
    await self.middleware_stack(scope, receive, send)
venv\Lib\site-packages\starlette\routing.py:725: in app
    await self.lifespan(scope, receive, send)
venv\Lib\site-packages\starlette\routing.py:694: in lifespan
    async with self.lifespan_context(app) as maybe_state:
..\..\..\..\AppData\Local\Programs\Python\Python311\Lib\contextlib.py:210: in __aenter__
    return await anext(self.gen)
           ^^^^^^^^^^^^^^^^^^^^^
venv\Lib\site-packages\fastapi\routing.py:212: in merged_lifespan
    async with original_context(app) as maybe_original_state:
..\..\..\..\AppData\Local\Programs\Python\Python311\Lib\contextlib.py:210: in __aenter__
    return await anext(self.gen)
           ^^^^^^^^^^^^^^^^^^^^^
venv\Lib\site-packages\fastapi\routing.py:212: in merged_lifespan
    async with original_context(app) as maybe_original_state:
..\..\..\..\AppData\Local\Programs\Python\Python311\Lib\contextlib.py:210: in __aenter__
    return await anext(self.gen)
           ^^^^^^^^^^^^^^^^^^^^^
app\main.py:41: in lifespan
    build_fts5_index()
_ _ _ _ _ _ _ _ _ _ _ _ _ _ _ _ _ _ _ _ _ _ _ _ _ _ _ _ _ _ _ _ _ _ _ _ _ _ _ _

    def build_fts5_index():
        """
        Populates the docs_fts FTS5 table with regulatory documents.
        Skips if already populated (idempotent).
    
        Each document is chunked into 500-word passages for better FTS5
        precision. The chunk_id format is '{doc_id}_{chunk_number}'.
    
        P1's tier2.py advisory AI reads this table for semantic search.
        """
        conn = get_db()
>       count = conn.execute('SELECT COUNT(*) FROM docs_fts').fetchone()[0]
                ^^^^^^^^^^^^^^^^^^^^^^^^^^^^^^^^^^^^^^^^^^^^^
E       sqlite3.OperationalError: no such table: docs_fts

app\db\database.py:71: OperationalError
_______________ ERROR at setup of test_login_valid_credentials ________________

    @pytest.fixture(scope='module')
    def client():
        """TestClient with seeded org + user."""
        from app.main import app
        from app.db.database import get_db
    
>       with TestClient(app) as c:

tests\test_api.py:27: 
_ _ _ _ _ _ _ _ _ _ _ _ _ _ _ _ _ _ _ _ _ _ _ _ _ _ _ _ _ _ _ _ _ _ _ _ _ _ _ _
venv\Lib\site-packages\starlette\testclient.py:688: in __enter__
    portal.call(self.wait_startup)
venv\Lib\site-packages\anyio\from_thread.py:334: in call
    return cast(T_Retval, self.start_task_soon(func, *args).result())
                          ^^^^^^^^^^^^^^^^^^^^^^^^^^^^^^^^^^^^^^^^^^
..\..\..\..\AppData\Local\Programs\Python\Python311\Lib\concurrent\futures\_base.py:456: in result
    return self.__get_result()
           ^^^^^^^^^^^^^^^^^^^
..\..\..\..\AppData\Local\Programs\Python\Python311\Lib\concurrent\futures\_base.py:401: in __get_result
    raise self._exception
venv\Lib\site-packages\anyio\from_thread.py:259: in _call_func
    retval = await retval_or_awaitable
             ^^^^^^^^^^^^^^^^^^^^^^^^^
venv\Lib\site-packages\starlette\testclient.py:723: in wait_startup
    await receive()
venv\Lib\site-packages\starlette\testclient.py:714: in receive
    self.task.result()
..\..\..\..\AppData\Local\Programs\Python\Python311\Lib\concurrent\futures\_base.py:449: in result
    return self.__get_result()
           ^^^^^^^^^^^^^^^^^^^
..\..\..\..\AppData\Local\Programs\Python\Python311\Lib\concurrent\futures\_base.py:401: in __get_result
    raise self._exception
venv\Lib\site-packages\anyio\from_thread.py:259: in _call_func
    retval = await retval_or_awaitable
             ^^^^^^^^^^^^^^^^^^^^^^^^^
venv\Lib\site-packages\starlette\testclient.py:704: in lifespan
    await self.app(scope, self.stream_receive.receive, self.stream_send.send)
venv\Lib\site-packages\fastapi\applications.py:1160: in __call__
    await super().__call__(scope, receive, send)
venv\Lib\site-packages\starlette\applications.py:107: in __call__
    await self.middleware_stack(scope, receive, send)
venv\Lib\site-packages\starlette\middleware\errors.py:151: in __call__
    await self.app(scope, receive, send)
venv\Lib\site-packages\starlette\middleware\cors.py:79: in __call__
    await self.app(scope, receive, send)
venv\Lib\site-packages\starlette\middleware\exceptions.py:49: in __call__
    await self.app(scope, receive, send)
venv\Lib\site-packages\fastapi\middleware\asyncexitstack.py:18: in __call__
    await self.app(scope, receive, send)
venv\Lib\site-packages\starlette\routing.py:716: in __call__
    await self.middleware_stack(scope, receive, send)
venv\Lib\site-packages\starlette\routing.py:725: in app
    await self.lifespan(scope, receive, send)
venv\Lib\site-packages\starlette\routing.py:694: in lifespan
    async with self.lifespan_context(app) as maybe_state:
..\..\..\..\AppData\Local\Programs\Python\Python311\Lib\contextlib.py:210: in __aenter__
    return await anext(self.gen)
           ^^^^^^^^^^^^^^^^^^^^^
venv\Lib\site-packages\fastapi\routing.py:212: in merged_lifespan
    async with original_context(app) as maybe_original_state:
..\..\..\..\AppData\Local\Programs\Python\Python311\Lib\contextlib.py:210: in __aenter__
    return await anext(self.gen)
           ^^^^^^^^^^^^^^^^^^^^^
venv\Lib\site-packages\fastapi\routing.py:212: in merged_lifespan
    async with original_context(app) as maybe_original_state:
..\..\..\..\AppData\Local\Programs\Python\Python311\Lib\contextlib.py:210: in __aenter__
    return await anext(self.gen)
           ^^^^^^^^^^^^^^^^^^^^^
app\main.py:41: in lifespan
    build_fts5_index()
_ _ _ _ _ _ _ _ _ _ _ _ _ _ _ _ _ _ _ _ _ _ _ _ _ _ _ _ _ _ _ _ _ _ _ _ _ _ _ _

    def build_fts5_index():
        """
        Populates the docs_fts FTS5 table with regulatory documents.
        Skips if already populated (idempotent).
    
        Each document is chunked into 500-word passages for better FTS5
        precision. The chunk_id format is '{doc_id}_{chunk_number}'.
    
        P1's tier2.py advisory AI reads this table for semantic search.
        """
        conn = get_db()
>       count = conn.execute('SELECT COUNT(*) FROM docs_fts').fetchone()[0]
                ^^^^^^^^^^^^^^^^^^^^^^^^^^^^^^^^^^^^^^^^^^^^^
E       sqlite3.OperationalError: no such table: docs_fts

app\db\database.py:71: OperationalError
___________ ERROR at setup of test_login_wrong_password_returns_401 ___________

    @pytest.fixture(scope='module')
    def client():
        """TestClient with seeded org + user."""
        from app.main import app
        from app.db.database import get_db
    
>       with TestClient(app) as c:

tests\test_api.py:27: 
_ _ _ _ _ _ _ _ _ _ _ _ _ _ _ _ _ _ _ _ _ _ _ _ _ _ _ _ _ _ _ _ _ _ _ _ _ _ _ _
venv\Lib\site-packages\starlette\testclient.py:688: in __enter__
    portal.call(self.wait_startup)
venv\Lib\site-packages\anyio\from_thread.py:334: in call
    return cast(T_Retval, self.start_task_soon(func, *args).result())
                          ^^^^^^^^^^^^^^^^^^^^^^^^^^^^^^^^^^^^^^^^^^
..\..\..\..\AppData\Local\Programs\Python\Python311\Lib\concurrent\futures\_base.py:456: in result
    return self.__get_result()
           ^^^^^^^^^^^^^^^^^^^
..\..\..\..\AppData\Local\Programs\Python\Python311\Lib\concurrent\futures\_base.py:401: in __get_result
    raise self._exception
venv\Lib\site-packages\anyio\from_thread.py:259: in _call_func
    retval = await retval_or_awaitable
             ^^^^^^^^^^^^^^^^^^^^^^^^^
venv\Lib\site-packages\starlette\testclient.py:723: in wait_startup
    await receive()
venv\Lib\site-packages\starlette\testclient.py:714: in receive
    self.task.result()
..\..\..\..\AppData\Local\Programs\Python\Python311\Lib\concurrent\futures\_base.py:449: in result
    return self.__get_result()
           ^^^^^^^^^^^^^^^^^^^
..\..\..\..\AppData\Local\Programs\Python\Python311\Lib\concurrent\futures\_base.py:401: in __get_result
    raise self._exception
venv\Lib\site-packages\anyio\from_thread.py:259: in _call_func
    retval = await retval_or_awaitable
             ^^^^^^^^^^^^^^^^^^^^^^^^^
venv\Lib\site-packages\starlette\testclient.py:704: in lifespan
    await self.app(scope, self.stream_receive.receive, self.stream_send.send)
venv\Lib\site-packages\fastapi\applications.py:1160: in __call__
    await super().__call__(scope, receive, send)
venv\Lib\site-packages\starlette\applications.py:107: in __call__
    await self.middleware_stack(scope, receive, send)
venv\Lib\site-packages\starlette\middleware\errors.py:151: in __call__
    await self.app(scope, receive, send)
venv\Lib\site-packages\starlette\middleware\cors.py:79: in __call__
    await self.app(scope, receive, send)
venv\Lib\site-packages\starlette\middleware\exceptions.py:49: in __call__
    await self.app(scope, receive, send)
venv\Lib\site-packages\fastapi\middleware\asyncexitstack.py:18: in __call__
    await self.app(scope, receive, send)
venv\Lib\site-packages\starlette\routing.py:716: in __call__
    await self.middleware_stack(scope, receive, send)
venv\Lib\site-packages\starlette\routing.py:725: in app
    await self.lifespan(scope, receive, send)
venv\Lib\site-packages\starlette\routing.py:694: in lifespan
    async with self.lifespan_context(app) as maybe_state:
..\..\..\..\AppData\Local\Programs\Python\Python311\Lib\contextlib.py:210: in __aenter__
    return await anext(self.gen)
           ^^^^^^^^^^^^^^^^^^^^^
venv\Lib\site-packages\fastapi\routing.py:212: in merged_lifespan
    async with original_context(app) as maybe_original_state:
..\..\..\..\AppData\Local\Programs\Python\Python311\Lib\contextlib.py:210: in __aenter__
    return await anext(self.gen)
           ^^^^^^^^^^^^^^^^^^^^^
venv\Lib\site-packages\fastapi\routing.py:212: in merged_lifespan
    async with original_context(app) as maybe_original_state:
..\..\..\..\AppData\Local\Programs\Python\Python311\Lib\contextlib.py:210: in __aenter__
    return await anext(self.gen)
           ^^^^^^^^^^^^^^^^^^^^^
app\main.py:41: in lifespan
    build_fts5_index()
_ _ _ _ _ _ _ _ _ _ _ _ _ _ _ _ _ _ _ _ _ _ _ _ _ _ _ _ _ _ _ _ _ _ _ _ _ _ _ _

    def build_fts5_index():
        """
        Populates the docs_fts FTS5 table with regulatory documents.
        Skips if already populated (idempotent).
    
        Each document is chunked into 500-word passages for better FTS5
        precision. The chunk_id format is '{doc_id}_{chunk_number}'.
    
        P1's tier2.py advisory AI reads this table for semantic search.
        """
        conn = get_db()
>       count = conn.execute('SELECT COUNT(*) FROM docs_fts').fetchone()[0]
                ^^^^^^^^^^^^^^^^^^^^^^^^^^^^^^^^^^^^^^^^^^^^^
E       sqlite3.OperationalError: no such table: docs_fts

app\db\database.py:71: OperationalError
__________ ERROR at setup of test_login_nonexistent_user_returns_401 __________

    @pytest.fixture(scope='module')
    def client():
        """TestClient with seeded org + user."""
        from app.main import app
        from app.db.database import get_db
    
>       with TestClient(app) as c:

tests\test_api.py:27: 
_ _ _ _ _ _ _ _ _ _ _ _ _ _ _ _ _ _ _ _ _ _ _ _ _ _ _ _ _ _ _ _ _ _ _ _ _ _ _ _
venv\Lib\site-packages\starlette\testclient.py:688: in __enter__
    portal.call(self.wait_startup)
venv\Lib\site-packages\anyio\from_thread.py:334: in call
    return cast(T_Retval, self.start_task_soon(func, *args).result())
                          ^^^^^^^^^^^^^^^^^^^^^^^^^^^^^^^^^^^^^^^^^^
..\..\..\..\AppData\Local\Programs\Python\Python311\Lib\concurrent\futures\_base.py:456: in result
    return self.__get_result()
           ^^^^^^^^^^^^^^^^^^^
..\..\..\..\AppData\Local\Programs\Python\Python311\Lib\concurrent\futures\_base.py:401: in __get_result
    raise self._exception
venv\Lib\site-packages\anyio\from_thread.py:259: in _call_func
    retval = await retval_or_awaitable
             ^^^^^^^^^^^^^^^^^^^^^^^^^
venv\Lib\site-packages\starlette\testclient.py:723: in wait_startup
    await receive()
venv\Lib\site-packages\starlette\testclient.py:714: in receive
    self.task.result()
..\..\..\..\AppData\Local\Programs\Python\Python311\Lib\concurrent\futures\_base.py:449: in result
    return self.__get_result()
           ^^^^^^^^^^^^^^^^^^^
..\..\..\..\AppData\Local\Programs\Python\Python311\Lib\concurrent\futures\_base.py:401: in __get_result
    raise self._exception
venv\Lib\site-packages\anyio\from_thread.py:259: in _call_func
    retval = await retval_or_awaitable
             ^^^^^^^^^^^^^^^^^^^^^^^^^
venv\Lib\site-packages\starlette\testclient.py:704: in lifespan
    await self.app(scope, self.stream_receive.receive, self.stream_send.send)
venv\Lib\site-packages\fastapi\applications.py:1160: in __call__
    await super().__call__(scope, receive, send)
venv\Lib\site-packages\starlette\applications.py:107: in __call__
    await self.middleware_stack(scope, receive, send)
venv\Lib\site-packages\starlette\middleware\errors.py:151: in __call__
    await self.app(scope, receive, send)
venv\Lib\site-packages\starlette\middleware\cors.py:79: in __call__
    await self.app(scope, receive, send)
venv\Lib\site-packages\starlette\middleware\exceptions.py:49: in __call__
    await self.app(scope, receive, send)
venv\Lib\site-packages\fastapi\middleware\asyncexitstack.py:18: in __call__
    await self.app(scope, receive, send)
venv\Lib\site-packages\starlette\routing.py:716: in __call__
    await self.middleware_stack(scope, receive, send)
venv\Lib\site-packages\starlette\routing.py:725: in app
    await self.lifespan(scope, receive, send)
venv\Lib\site-packages\starlette\routing.py:694: in lifespan
    async with self.lifespan_context(app) as maybe_state:
..\..\..\..\AppData\Local\Programs\Python\Python311\Lib\contextlib.py:210: in __aenter__
    return await anext(self.gen)
           ^^^^^^^^^^^^^^^^^^^^^
venv\Lib\site-packages\fastapi\routing.py:212: in merged_lifespan
    async with original_context(app) as maybe_original_state:
..\..\..\..\AppData\Local\Programs\Python\Python311\Lib\contextlib.py:210: in __aenter__
    return await anext(self.gen)
           ^^^^^^^^^^^^^^^^^^^^^
venv\Lib\site-packages\fastapi\routing.py:212: in merged_lifespan
    async with original_context(app) as maybe_original_state:
..\..\..\..\AppData\Local\Programs\Python\Python311\Lib\contextlib.py:210: in __aenter__
    return await anext(self.gen)
           ^^^^^^^^^^^^^^^^^^^^^
app\main.py:41: in lifespan
    build_fts5_index()
_ _ _ _ _ _ _ _ _ _ _ _ _ _ _ _ _ _ _ _ _ _ _ _ _ _ _ _ _ _ _ _ _ _ _ _ _ _ _ _

    def build_fts5_index():
        """
        Populates the docs_fts FTS5 table with regulatory documents.
        Skips if already populated (idempotent).
    
        Each document is chunked into 500-word passages for better FTS5
        precision. The chunk_id format is '{doc_id}_{chunk_number}'.
    
        P1's tier2.py advisory AI reads this table for semantic search.
        """
        conn = get_db()
>       count = conn.execute('SELECT COUNT(*) FROM docs_fts').fetchone()[0]
                ^^^^^^^^^^^^^^^^^^^^^^^^^^^^^^^^^^^^^^^^^^^^^
E       sqlite3.OperationalError: no such table: docs_fts

app\db\database.py:71: OperationalError
______ ERROR at setup of test_protected_route_without_token_returns_422 _______

    @pytest.fixture(scope='module')
    def client():
        """TestClient with seeded org + user."""
        from app.main import app
        from app.db.database import get_db
    
>       with TestClient(app) as c:

tests\test_api.py:27: 
_ _ _ _ _ _ _ _ _ _ _ _ _ _ _ _ _ _ _ _ _ _ _ _ _ _ _ _ _ _ _ _ _ _ _ _ _ _ _ _
venv\Lib\site-packages\starlette\testclient.py:688: in __enter__
    portal.call(self.wait_startup)
venv\Lib\site-packages\anyio\from_thread.py:334: in call
    return cast(T_Retval, self.start_task_soon(func, *args).result())
                          ^^^^^^^^^^^^^^^^^^^^^^^^^^^^^^^^^^^^^^^^^^
..\..\..\..\AppData\Local\Programs\Python\Python311\Lib\concurrent\futures\_base.py:456: in result
    return self.__get_result()
           ^^^^^^^^^^^^^^^^^^^
..\..\..\..\AppData\Local\Programs\Python\Python311\Lib\concurrent\futures\_base.py:401: in __get_result
    raise self._exception
venv\Lib\site-packages\anyio\from_thread.py:259: in _call_func
    retval = await retval_or_awaitable
             ^^^^^^^^^^^^^^^^^^^^^^^^^
venv\Lib\site-packages\starlette\testclient.py:723: in wait_startup
    await receive()
venv\Lib\site-packages\starlette\testclient.py:714: in receive
    self.task.result()
..\..\..\..\AppData\Local\Programs\Python\Python311\Lib\concurrent\futures\_base.py:449: in result
    return self.__get_result()
           ^^^^^^^^^^^^^^^^^^^
..\..\..\..\AppData\Local\Programs\Python\Python311\Lib\concurrent\futures\_base.py:401: in __get_result
    raise self._exception
venv\Lib\site-packages\anyio\from_thread.py:259: in _call_func
    retval = await retval_or_awaitable
             ^^^^^^^^^^^^^^^^^^^^^^^^^
venv\Lib\site-packages\starlette\testclient.py:704: in lifespan
    await self.app(scope, self.stream_receive.receive, self.stream_send.send)
venv\Lib\site-packages\fastapi\applications.py:1160: in __call__
    await super().__call__(scope, receive, send)
venv\Lib\site-packages\starlette\applications.py:107: in __call__
    await self.middleware_stack(scope, receive, send)
venv\Lib\site-packages\starlette\middleware\errors.py:151: in __call__
    await self.app(scope, receive, send)
venv\Lib\site-packages\starlette\middleware\cors.py:79: in __call__
    await self.app(scope, receive, send)
venv\Lib\site-packages\starlette\middleware\exceptions.py:49: in __call__
    await self.app(scope, receive, send)
venv\Lib\site-packages\fastapi\middleware\asyncexitstack.py:18: in __call__
    await self.app(scope, receive, send)
venv\Lib\site-packages\starlette\routing.py:716: in __call__
    await self.middleware_stack(scope, receive, send)
venv\Lib\site-packages\starlette\routing.py:725: in app
    await self.lifespan(scope, receive, send)
venv\Lib\site-packages\starlette\routing.py:694: in lifespan
    async with self.lifespan_context(app) as maybe_state:
..\..\..\..\AppData\Local\Programs\Python\Python311\Lib\contextlib.py:210: in __aenter__
    return await anext(self.gen)
           ^^^^^^^^^^^^^^^^^^^^^
venv\Lib\site-packages\fastapi\routing.py:212: in merged_lifespan
    async with original_context(app) as maybe_original_state:
..\..\..\..\AppData\Local\Programs\Python\Python311\Lib\contextlib.py:210: in __aenter__
    return await anext(self.gen)
           ^^^^^^^^^^^^^^^^^^^^^
venv\Lib\site-packages\fastapi\routing.py:212: in merged_lifespan
    async with original_context(app) as maybe_original_state:
..\..\..\..\AppData\Local\Programs\Python\Python311\Lib\contextlib.py:210: in __aenter__
    return await anext(self.gen)
           ^^^^^^^^^^^^^^^^^^^^^
app\main.py:41: in lifespan
    build_fts5_index()
_ _ _ _ _ _ _ _ _ _ _ _ _ _ _ _ _ _ _ _ _ _ _ _ _ _ _ _ _ _ _ _ _ _ _ _ _ _ _ _

    def build_fts5_index():
        """
        Populates the docs_fts FTS5 table with regulatory documents.
        Skips if already populated (idempotent).
    
        Each document is chunked into 500-word passages for better FTS5
        precision. The chunk_id format is '{doc_id}_{chunk_number}'.
    
        P1's tier2.py advisory AI reads this table for semantic search.
        """
        conn = get_db()
>       count = conn.execute('SELECT COUNT(*) FROM docs_fts').fetchone()[0]
                ^^^^^^^^^^^^^^^^^^^^^^^^^^^^^^^^^^^^^^^^^^^^^
E       sqlite3.OperationalError: no such table: docs_fts

app\db\database.py:71: OperationalError
____ ERROR at setup of test_protected_route_with_invalid_token_returns_401 ____

    @pytest.fixture(scope='module')
    def client():
        """TestClient with seeded org + user."""
        from app.main import app
        from app.db.database import get_db
    
>       with TestClient(app) as c:

tests\test_api.py:27: 
_ _ _ _ _ _ _ _ _ _ _ _ _ _ _ _ _ _ _ _ _ _ _ _ _ _ _ _ _ _ _ _ _ _ _ _ _ _ _ _
venv\Lib\site-packages\starlette\testclient.py:688: in __enter__
    portal.call(self.wait_startup)
venv\Lib\site-packages\anyio\from_thread.py:334: in call
    return cast(T_Retval, self.start_task_soon(func, *args).result())
                          ^^^^^^^^^^^^^^^^^^^^^^^^^^^^^^^^^^^^^^^^^^
..\..\..\..\AppData\Local\Programs\Python\Python311\Lib\concurrent\futures\_base.py:456: in result
    return self.__get_result()
           ^^^^^^^^^^^^^^^^^^^
..\..\..\..\AppData\Local\Programs\Python\Python311\Lib\concurrent\futures\_base.py:401: in __get_result
    raise self._exception
venv\Lib\site-packages\anyio\from_thread.py:259: in _call_func
    retval = await retval_or_awaitable
             ^^^^^^^^^^^^^^^^^^^^^^^^^
venv\Lib\site-packages\starlette\testclient.py:723: in wait_startup
    await receive()
venv\Lib\site-packages\starlette\testclient.py:714: in receive
    self.task.result()
..\..\..\..\AppData\Local\Programs\Python\Python311\Lib\concurrent\futures\_base.py:449: in result
    return self.__get_result()
           ^^^^^^^^^^^^^^^^^^^
..\..\..\..\AppData\Local\Programs\Python\Python311\Lib\concurrent\futures\_base.py:401: in __get_result
    raise self._exception
venv\Lib\site-packages\anyio\from_thread.py:259: in _call_func
    retval = await retval_or_awaitable
             ^^^^^^^^^^^^^^^^^^^^^^^^^
venv\Lib\site-packages\starlette\testclient.py:704: in lifespan
    await self.app(scope, self.stream_receive.receive, self.stream_send.send)
venv\Lib\site-packages\fastapi\applications.py:1160: in __call__
    await super().__call__(scope, receive, send)
venv\Lib\site-packages\starlette\applications.py:107: in __call__
    await self.middleware_stack(scope, receive, send)
venv\Lib\site-packages\starlette\middleware\errors.py:151: in __call__
    await self.app(scope, receive, send)
venv\Lib\site-packages\starlette\middleware\cors.py:79: in __call__
    await self.app(scope, receive, send)
venv\Lib\site-packages\starlette\middleware\exceptions.py:49: in __call__
    await self.app(scope, receive, send)
venv\Lib\site-packages\fastapi\middleware\asyncexitstack.py:18: in __call__
    await self.app(scope, receive, send)
venv\Lib\site-packages\starlette\routing.py:716: in __call__
    await self.middleware_stack(scope, receive, send)
venv\Lib\site-packages\starlette\routing.py:725: in app
    await self.lifespan(scope, receive, send)
venv\Lib\site-packages\starlette\routing.py:694: in lifespan
    async with self.lifespan_context(app) as maybe_state:
..\..\..\..\AppData\Local\Programs\Python\Python311\Lib\contextlib.py:210: in __aenter__
    return await anext(self.gen)
           ^^^^^^^^^^^^^^^^^^^^^
venv\Lib\site-packages\fastapi\routing.py:212: in merged_lifespan
    async with original_context(app) as maybe_original_state:
..\..\..\..\AppData\Local\Programs\Python\Python311\Lib\contextlib.py:210: in __aenter__
    return await anext(self.gen)
           ^^^^^^^^^^^^^^^^^^^^^
venv\Lib\site-packages\fastapi\routing.py:212: in merged_lifespan
    async with original_context(app) as maybe_original_state:
..\..\..\..\AppData\Local\Programs\Python\Python311\Lib\contextlib.py:210: in __aenter__
    return await anext(self.gen)
           ^^^^^^^^^^^^^^^^^^^^^
app\main.py:41: in lifespan
    build_fts5_index()
_ _ _ _ _ _ _ _ _ _ _ _ _ _ _ _ _ _ _ _ _ _ _ _ _ _ _ _ _ _ _ _ _ _ _ _ _ _ _ _

    def build_fts5_index():
        """
        Populates the docs_fts FTS5 table with regulatory documents.
        Skips if already populated (idempotent).
    
        Each document is chunked into 500-word passages for better FTS5
        precision. The chunk_id format is '{doc_id}_{chunk_number}'.
    
        P1's tier2.py advisory AI reads this table for semantic search.
        """
        conn = get_db()
>       count = conn.execute('SELECT COUNT(*) FROM docs_fts').fetchone()[0]
                ^^^^^^^^^^^^^^^^^^^^^^^^^^^^^^^^^^^^^^^^^^^^^
E       sqlite3.OperationalError: no such table: docs_fts

app\db\database.py:71: OperationalError
______________ ERROR at setup of test_upload_and_poll_full_cycle ______________

    @pytest.fixture(scope='module')
    def client():
        """TestClient with seeded org + user."""
        from app.main import app
        from app.db.database import get_db
    
>       with TestClient(app) as c:

tests\test_api.py:27: 
_ _ _ _ _ _ _ _ _ _ _ _ _ _ _ _ _ _ _ _ _ _ _ _ _ _ _ _ _ _ _ _ _ _ _ _ _ _ _ _
venv\Lib\site-packages\starlette\testclient.py:688: in __enter__
    portal.call(self.wait_startup)
venv\Lib\site-packages\anyio\from_thread.py:334: in call
    return cast(T_Retval, self.start_task_soon(func, *args).result())
                          ^^^^^^^^^^^^^^^^^^^^^^^^^^^^^^^^^^^^^^^^^^
..\..\..\..\AppData\Local\Programs\Python\Python311\Lib\concurrent\futures\_base.py:456: in result
    return self.__get_result()
           ^^^^^^^^^^^^^^^^^^^
..\..\..\..\AppData\Local\Programs\Python\Python311\Lib\concurrent\futures\_base.py:401: in __get_result
    raise self._exception
venv\Lib\site-packages\anyio\from_thread.py:259: in _call_func
    retval = await retval_or_awaitable
             ^^^^^^^^^^^^^^^^^^^^^^^^^
venv\Lib\site-packages\starlette\testclient.py:723: in wait_startup
    await receive()
venv\Lib\site-packages\starlette\testclient.py:714: in receive
    self.task.result()
..\..\..\..\AppData\Local\Programs\Python\Python311\Lib\concurrent\futures\_base.py:449: in result
    return self.__get_result()
           ^^^^^^^^^^^^^^^^^^^
..\..\..\..\AppData\Local\Programs\Python\Python311\Lib\concurrent\futures\_base.py:401: in __get_result
    raise self._exception
venv\Lib\site-packages\anyio\from_thread.py:259: in _call_func
    retval = await retval_or_awaitable
             ^^^^^^^^^^^^^^^^^^^^^^^^^
venv\Lib\site-packages\starlette\testclient.py:704: in lifespan
    await self.app(scope, self.stream_receive.receive, self.stream_send.send)
venv\Lib\site-packages\fastapi\applications.py:1160: in __call__
    await super().__call__(scope, receive, send)
venv\Lib\site-packages\starlette\applications.py:107: in __call__
    await self.middleware_stack(scope, receive, send)
venv\Lib\site-packages\starlette\middleware\errors.py:151: in __call__
    await self.app(scope, receive, send)
venv\Lib\site-packages\starlette\middleware\cors.py:79: in __call__
    await self.app(scope, receive, send)
venv\Lib\site-packages\starlette\middleware\exceptions.py:49: in __call__
    await self.app(scope, receive, send)
venv\Lib\site-packages\fastapi\middleware\asyncexitstack.py:18: in __call__
    await self.app(scope, receive, send)
venv\Lib\site-packages\starlette\routing.py:716: in __call__
    await self.middleware_stack(scope, receive, send)
venv\Lib\site-packages\starlette\routing.py:725: in app
    await self.lifespan(scope, receive, send)
venv\Lib\site-packages\starlette\routing.py:694: in lifespan
    async with self.lifespan_context(app) as maybe_state:
..\..\..\..\AppData\Local\Programs\Python\Python311\Lib\contextlib.py:210: in __aenter__
    return await anext(self.gen)
           ^^^^^^^^^^^^^^^^^^^^^
venv\Lib\site-packages\fastapi\routing.py:212: in merged_lifespan
    async with original_context(app) as maybe_original_state:
..\..\..\..\AppData\Local\Programs\Python\Python311\Lib\contextlib.py:210: in __aenter__
    return await anext(self.gen)
           ^^^^^^^^^^^^^^^^^^^^^
venv\Lib\site-packages\fastapi\routing.py:212: in merged_lifespan
    async with original_context(app) as maybe_original_state:
..\..\..\..\AppData\Local\Programs\Python\Python311\Lib\contextlib.py:210: in __aenter__
    return await anext(self.gen)
           ^^^^^^^^^^^^^^^^^^^^^
app\main.py:41: in lifespan
    build_fts5_index()
_ _ _ _ _ _ _ _ _ _ _ _ _ _ _ _ _ _ _ _ _ _ _ _ _ _ _ _ _ _ _ _ _ _ _ _ _ _ _ _

    def build_fts5_index():
        """
        Populates the docs_fts FTS5 table with regulatory documents.
        Skips if already populated (idempotent).
    
        Each document is chunked into 500-word passages for better FTS5
        precision. The chunk_id format is '{doc_id}_{chunk_number}'.
    
        P1's tier2.py advisory AI reads this table for semantic search.
        """
        conn = get_db()
>       count = conn.execute('SELECT COUNT(*) FROM docs_fts').fetchone()[0]
                ^^^^^^^^^^^^^^^^^^^^^^^^^^^^^^^^^^^^^^^^^^^^^
E       sqlite3.OperationalError: no such table: docs_fts

app\db\database.py:71: OperationalError
================================== FAILURES ===================================
______________________________ test_init_schema _______________________________

    def test_init_schema():
        """Schema creation must be idempotent."""
        from app.db.database import init_schema, get_db
        init_schema()
        init_schema()  # second call must not fail
        conn = get_db()
        tables = [row[0] for row in conn.execute(
            "SELECT name FROM sqlite_master WHERE type='table'"
        ).fetchall()]
>       assert 'orgs' in tables
E       AssertionError: assert 'orgs' in []

tests\test_db.py:23: AssertionError
__________________________ test_create_and_get_scan ___________________________

    def test_create_and_get_scan():
        """Create a scan, retrieve it, verify fields."""
        from app.db.database import init_schema, get_db
        from app.db.queries import create_scan, get_scan, update_scan_running
    
        init_schema()
    
        # Create test org
        conn = get_db()
>       conn.execute("INSERT OR IGNORE INTO orgs (id, name) VALUES ('testorg', 'TestOrg')")
E       sqlite3.OperationalError: no such table: orgs

tests\test_db.py:39: OperationalError
__________________________ test_cross_org_isolation ___________________________

    def test_cross_org_isolation():
        """A scan from org A must not be visible to org B."""
        from app.db.database import init_schema, get_db
        from app.db.queries import create_scan, get_scan
    
        init_schema()
    
        conn = get_db()
>       conn.execute("INSERT OR IGNORE INTO orgs (id, name) VALUES ('orgA', 'OrgA')")
E       sqlite3.OperationalError: no such table: orgs

tests\test_db.py:66: OperationalError
_______________________ test_update_scan_result_atomic ________________________

    def test_update_scan_result_atomic():
        """update_scan_result must write all fields in one UPDATE."""
        from app.db.database import init_schema, get_db
        from app.db.queries import create_scan, update_scan_result, get_scan
    
        init_schema()
    
        conn = get_db()
>       conn.execute("INSERT OR IGNORE INTO orgs (id, name) VALUES ('testorg2', 'TestOrg2')")
E       sqlite3.OperationalError: no such table: orgs

tests\test_db.py:84: OperationalError
=========================== short test summary info ===========================
FAILED tests/test_db.py::test_init_schema - AssertionError: assert 'orgs' in []
FAILED tests/test_db.py::test_create_and_get_scan - sqlite3.OperationalError:...
FAILED tests/test_db.py::test_cross_org_isolation - sqlite3.OperationalError:...
FAILED tests/test_db.py::test_update_scan_result_atomic - sqlite3.Operational...
ERROR tests/test_api.py::test_health_returns_ok - sqlite3.OperationalError: n...
ERROR tests/test_api.py::test_login_valid_credentials - sqlite3.OperationalEr...
ERROR tests/test_api.py::test_login_wrong_password_returns_401 - sqlite3.Oper...
ERROR tests/test_api.py::test_login_nonexistent_user_returns_401 - sqlite3.Op...
ERROR tests/test_api.py::test_protected_route_without_token_returns_422 - sql...
ERROR tests/test_api.py::test_protected_route_with_invalid_token_returns_401
ERROR tests/test_api.py::test_upload_and_poll_full_cycle - sqlite3.Operationa...
========================= 4 failed, 7 errors in 3.78s =========================
